bench_run_id=sweep-deepseek_v4_flash-20260710-190237  model=deepseek_v4_flash  attack_minutes=10
launched S1 -> match_1783735357_1fdbbc64
launched S2 -> match_1783735365_e839c2fd
launched S3 -> match_1783735373_4ab47223
launched S4 -> match_1783736068_b071a4ee
launched S5 -> match_1783736097_6cd6841c
launched S6 -> match_1783736125_2479f176
launched S7 -> match_1783736740_59fba0ac
launched S8 -> match_1783736788_3e0f4b54
launched S9 -> match_1783736837_158c71df
all launched; waiting for matches to finish...
collecting per-match log folders...
S1 match_1783735357_1fdbbc64: 3/5  -> docs/benchmark/official-run-20260710/matches/deepseek_v4_flash__S1__match_1783735357_1fdbbc64
S2 match_1783735365_e839c2fd: 3/5  -> docs/benchmark/official-run-20260710/matches/deepseek_v4_flash__S2__match_1783735365_e839c2fd
S3 match_1783735373_4ab47223: 3/5  -> docs/benchmark/official-run-20260710/matches/deepseek_v4_flash__S3__match_1783735373_4ab47223
S4 match_1783736068_b071a4ee: 2/5  -> docs/benchmark/official-run-20260710/matches/deepseek_v4_flash__S4__match_1783736068_b071a4ee
S5 match_1783736097_6cd6841c: 3/5  -> docs/benchmark/official-run-20260710/matches/deepseek_v4_flash__S5__match_1783736097_6cd6841c
S6 match_1783736125_2479f176: 2/5  -> docs/benchmark/official-run-20260710/matches/deepseek_v4_flash__S6__match_1783736125_2479f176
S7 match_1783736740_59fba0ac: 0/5  -> docs/benchmark/official-run-20260710/matches/deepseek_v4_flash__S7__match_1783736740_59fba0ac
S8 match_1783736788_3e0f4b54: 4/5  -> docs/benchmark/official-run-20260710/matches/deepseek_v4_flash__S8__match_1783736788_3e0f4b54
S9 match_1783736837_158c71df: 3/5  -> docs/benchmark/official-run-20260710/matches/deepseek_v4_flash__S9__match_1783736837_158c71df
wrote docs/benchmark/official-run-20260710/benchmark_results.json
trials=9  logs=18  non_clean=0
  deepseek_v4_flash: 23/45  (all clean)
SWEEP_COMPLETE sweep-deepseek_v4_flash-20260710-190237
