=== glm then codestral 2026-07-12T00:13:15Z ===
bench_run_id=sweep-glm_4_5_air-20260711-171315  model=glm_4_5_air  attack_minutes=10
launched S1 -> match_1783815196_8aa94d6c
launched S2 -> match_1783815204_358d2842
launched S3 -> match_1783815212_09e7121c
launched S4 -> match_1783815907_1ab8b11f
launched S5 -> match_1783815915_36532f0d
launched S6 -> match_1783815924_f9b431e7
launched S7 -> match_1783816599_eb63ccf8
launched S8 -> match_1783816607_b4894c9b
launched S9 -> match_1783816636_94f21aeb
all launched; waiting for matches to finish...
collecting per-match log folders...
S1 match_1783815196_8aa94d6c: 2/5  -> docs/benchmark/official-run-20260710-postflag3fix/matches/glm_4_5_air__S1__match_1783815196_8aa94d6c
S2 match_1783815204_358d2842: 3/5  -> docs/benchmark/official-run-20260710-postflag3fix/matches/glm_4_5_air__S2__match_1783815204_358d2842
S3 match_1783815212_09e7121c: 1/5  -> docs/benchmark/official-run-20260710-postflag3fix/matches/glm_4_5_air__S3__match_1783815212_09e7121c
S4 match_1783815907_1ab8b11f: 1/5  -> docs/benchmark/official-run-20260710-postflag3fix/matches/glm_4_5_air__S4__match_1783815907_1ab8b11f
S5 match_1783815915_36532f0d: 0/5  -> docs/benchmark/official-run-20260710-postflag3fix/matches/glm_4_5_air__S5__match_1783815915_36532f0d
S6 match_1783815924_f9b431e7: 1/5  -> docs/benchmark/official-run-20260710-postflag3fix/matches/glm_4_5_air__S6__match_1783815924_f9b431e7
S7 match_1783816599_eb63ccf8: 0/5  -> docs/benchmark/official-run-20260710-postflag3fix/matches/glm_4_5_air__S7__match_1783816599_eb63ccf8
S8 match_1783816607_b4894c9b: 1/5  -> docs/benchmark/official-run-20260710-postflag3fix/matches/glm_4_5_air__S8__match_1783816607_b4894c9b
S9 match_1783816636_94f21aeb: 2/5  -> docs/benchmark/official-run-20260710-postflag3fix/matches/glm_4_5_air__S9__match_1783816636_94f21aeb
wrote docs/benchmark/official-run-20260710-postflag3fix/benchmark_results.json
trials=9  logs=72  non_clean=0
  glm_4_5_air: 11/45  (all clean)
SWEEP_COMPLETE sweep-glm_4_5_air-20260711-171315
=== glm done; starting codestral 2026-07-12T00:49:29Z ===
bench_run_id=sweep-codestral_2508-20260711-174929  model=codestral_2508  attack_minutes=10
launched S1 -> match_1783817369_a2e653f1
launched S2 -> match_1783817377_2bbcfd56
launched S3 -> match_1783817385_39a1bf00
launched S4 -> match_1783818080_ce9beb7f
launched S5 -> match_1783818129_dfe8aaae
launched S6 -> match_1783818420_01c4d10d
launched S7 -> match_1783818752_1b2c3e98
launched S8 -> match_1783818821_019ce5f2
launched S9 -> match_1783819112_863176fa
all launched; waiting for matches to finish...
