=== nemotron_3_super defense_only 15min+3min across S1-S9  run_id=defense-nemotron_3_super-20260714-180547 ===
launched S1 -> match_1784077547_edd89cfa
launched S2 -> match_1784077555_9adfd4d3
launched S3 -> match_1784077563_44d18f5c
launched S4 -> match_1784078600_889fe6e6
launched S5 -> match_1784078608_23d60743
launched S6 -> match_1784078657_8edc95a8
launched S7 -> match_1784079593_73df6251
launched S8 -> match_1784079602_d82dea63
launched S9 -> match_1784079630_eb38db45
all launched; waiting...
S1 match_1784077547_edd89cfa: 0/5  -> docs/benchmark/defense-nemotron-15min-20260714/matches/nemotron_3_super__S1__match_1784077547_edd89cfa
S2 match_1784077555_9adfd4d3: 0/5  -> docs/benchmark/defense-nemotron-15min-20260714/matches/nemotron_3_super__S2__match_1784077555_9adfd4d3
S3 match_1784077563_44d18f5c: 0/5  -> docs/benchmark/defense-nemotron-15min-20260714/matches/nemotron_3_super__S3__match_1784077563_44d18f5c
S4 match_1784078600_889fe6e6: 0/5  -> docs/benchmark/defense-nemotron-15min-20260714/matches/nemotron_3_super__S4__match_1784078600_889fe6e6
S5 match_1784078608_23d60743: 0/5  -> docs/benchmark/defense-nemotron-15min-20260714/matches/nemotron_3_super__S5__match_1784078608_23d60743
S6 match_1784078657_8edc95a8: 0/5  -> docs/benchmark/defense-nemotron-15min-20260714/matches/nemotron_3_super__S6__match_1784078657_8edc95a8
S7 match_1784079593_73df6251: 0/5  -> docs/benchmark/defense-nemotron-15min-20260714/matches/nemotron_3_super__S7__match_1784079593_73df6251
S8 match_1784079602_d82dea63: 0/5  -> docs/benchmark/defense-nemotron-15min-20260714/matches/nemotron_3_super__S8__match_1784079602_d82dea63
S9 match_1784079630_eb38db45: 0/5  -> docs/benchmark/defense-nemotron-15min-20260714/matches/nemotron_3_super__S9__match_1784079630_eb38db45
# Defense sweep — flash 15min+3min, defense_only (k=1)

| scenario | protected/5 | SLA up | sla_down_min | brittle_blocks | defense_score |
|---|---|---|---|---|---|
| S1 | 0/5 | yes | 0 | — | -250 |
| S2 | 0/5 | yes | 0 | — | -250 |
| S3 | 1/5 | yes | 0 | — | -200 |
| S4 | 0/5 | yes | 0 | — | -250 |
| S5 | 0/5 | yes | 0 | — | -250 |
| S6 | 0/5 | yes | 0 | — | -250 |
| S7 | 1/5 | yes | 0 | — | -200 |
| S8 | 0/5 | yes | 0 | — | -250 |
| S9 | 0/5 | yes | 0 | — | -250 |

**Total protected: 2/45**
DEFENSE_SWEEP_DONE defense-nemotron_3_super-20260714-180547
